******************************************************************************
                  TI ARM Linker PC v20.2.7                     
******************************************************************************
>> Linked Sat Aug 26 12:22:58 2023

OUTPUT FILE NAME:   <Interrupts.out>
ENTRY POINT SYMBOL: "_c_int00_noargs"  address: 000016f9


MEMORY CONFIGURATION

         name            origin    length      used     unused   attr    fill
----------------------  --------  ---------  --------  --------  ----  --------
  FLASH                 00000000   00040000  00001766  0003e89a  R  X
  SRAM                  20000000   00008000  00000204  00007dfc  RW X


SEGMENT ALLOCATION MAP

run origin  load origin   length   init length attrs members
----------  ----------- ---------- ----------- ----- -------
00000000    00000000    00001768   00001768    r-x
  00000000    00000000    0000026c   0000026c    r-- .intvecs
  0000026c    0000026c    000014e2   000014e2    r-x .text
  00001750    00001750    00000018   00000018    r-- .cinit
20000000    20000000    00000204   00000000    rw-
  20000000    20000000    00000200   00000000    rw- .stack
  20000200    20000200    00000004   00000000    rw- .data


SECTION ALLOCATION MAP

 output                                  attributes/
section   page    origin      length       input sections
--------  ----  ----------  ----------   ----------------
.intvecs   0    00000000    0000026c     
                  00000000    0000026c     tm4c1231h6pm_startup_ccs.obj (.intvecs)

.text      0    0000026c    000014e2     
                  0000026c    00000a08     DIO.obj (.text)
                  00000c74    00000458     LCD.obj (.text)
                  000010cc    00000268     main.obj (.text)
                  00001334    0000009c     rtsv7M4_T_le_v4SPD16_eabi.lib : memcpy_t2.asm.obj (.text)
                  000013d0    00000096                                   : ull_div_t2.asm.obj (.text)
                  00001466    00000002                                   : div0.asm.obj (.text)
                  00001468    00000080     Systick Init.obj (.text)
                  000014e8    0000007c     delay.obj (.text)
                  00001564    0000007a     rtsv7M4_T_le_v4SPD16_eabi.lib : memset_t2.asm.obj (.text)
                  000015de    0000006e                                   : ll_div_t2.asm.obj (.text)
                  0000164c    00000068                                   : copy_decompress_lzss.c.obj (.text:decompress:lzss:__TI_decompress_lzss)
                  000016b4    00000044                                   : autoinit.c.obj (.text:__TI_auto_init_nobinit_nopinit:__TI_auto_init_nobinit_nopinit)
                  000016f8    00000034                                   : boot_cortex_m.c.obj (.text:_c_int00_noargs:_c_int00_noargs)
                  0000172c    0000000e                                   : copy_decompress_none.c.obj (.text:decompress:none:__TI_decompress_none)
                  0000173a    0000000c     tm4c1231h6pm_startup_ccs.obj (.text)
                  00001746    00000004     rtsv7M4_T_le_v4SPD16_eabi.lib : pre_init.c.obj (.text:_system_pre_init)
                  0000174a    00000004                                   : exit.c.obj (.text:abort:abort)

.cinit     0    00001750    00000018     
                  00001750    00000008     (.cinit..data.load) [load image, compression = lzss]
                  00001758    00000008     (__TI_handler_table)
                  00001760    00000008     (__TI_cinit_table)

.init_array 
*          0    00000000    00000000     UNINITIALIZED

.data      0    20000200    00000004     UNINITIALIZED
                  20000200    00000004     main.obj (.data)

.stack     0    20000000    00000200     UNINITIALIZED
                  20000000    00000004     rtsv7M4_T_le_v4SPD16_eabi.lib : boot_cortex_m.c.obj (.stack)
                  20000004    000001fc     --HOLE--

__llvm_prf_cnts 
*          0    20000000    00000000     UNINITIALIZED

MODULE SUMMARY

       Module                         code   ro data   rw data
       ------                         ----   -------   -------
    .\
       DIO.obj                        2568   0         0      
       LCD.obj                        1112   0         0      
       tm4c1231h6pm_startup_ccs.obj   12     620       0      
       main.obj                       616    0         4      
       Systick Init.obj               128    0         0      
       delay.obj                      124    0         0      
    +--+------------------------------+------+---------+---------+
       Total:                         4560   620       4      
                                                              
    C:\ti\ccs1240\ccs\tools\compiler\ti-cgt-arm_20.2.7.LTS\lib\rtsv7M4_T_le_v4SPD16_eabi.lib
       memcpy_t2.asm.obj              156    0         0      
       ull_div_t2.asm.obj             150    0         0      
       memset_t2.asm.obj              122    0         0      
       ll_div_t2.asm.obj              110    0         0      
       copy_decompress_lzss.c.obj     104    0         0      
       autoinit.c.obj                 68     0         0      
       boot_cortex_m.c.obj            52     0         0      
       copy_decompress_none.c.obj     14     0         0      
       exit.c.obj                     4      0         0      
       pre_init.c.obj                 4      0         0      
       div0.asm.obj                   2      0         0      
    +--+------------------------------+------+---------+---------+
       Total:                         786    0         0      
                                                              
       Stack:                         0      0         512    
       Linker Generated:              0      24        0      
    +--+------------------------------+------+---------+---------+
       Grand Total:                   5346   644       516    


LINKER GENERATED COPY TABLES

__TI_cinit_table @ 00001760 records: 1, size/record: 8, table size: 8
	.data: load addr=00001750, load size=00000008 bytes, run addr=20000200, run size=00000004 bytes, compression=lzss


LINKER GENERATED HANDLER TABLE

__TI_handler_table @ 00001758 records: 2, size/record: 4, table size: 8
	index: 0, handler: __TI_decompress_lzss
	index: 1, handler: __TI_decompress_none


GLOBAL SYMBOLS: SORTED ALPHABETICALLY BY Name 

address   name                          
-------   ----                          
0000174b  C$$EXIT                       
0000026d  DIO_Initpin                   
00000b9d  DIO_TogglePin                 
00000975  DIO_WritePin                  
00000ae5  DIO_WritePort                 
20000201  H                             
000010cd  Initpins_project              
00001203  Interrupt_Init                
00000e89  LCD_Clear                     
00000ee3  LCD_CreateCharacter           
0000110d  LCD_Display                   
00000e93  LCD_GoTo                      
00000df5  LCD_Init                      
00000e3b  LCD_WriteChar                 
00000c75  LCD_WriteCommand              
00000d35  LCD_WriteData                 
00000f61  LCD_WriteNumber               
00000e4b  LCD_WriteNumberInBinary       
00001099  LCD_WriteNumber_2D            
0000102b  LCD_WriteNumber_4D            
00000f31  LCD_WriteString               
20000202  M                             
0000122b  PORTF_Init                    
0000173b  ResetISR                      
20000203  Running                       
000014cb  SYstick_continue              
0000115d  SysTick_Handler               
000014b7  Systick_DisEN                 
00001469  Systick_Init                  
0000148b  Systick_Init_intruppt         
20000200  __STACK_END                   
00000200  __STACK_SIZE                  
20000200  __STACK_TOP                   
00001760  __TI_CINIT_Base               
00001768  __TI_CINIT_Limit              
00001758  __TI_Handler_Table_Base       
00001760  __TI_Handler_Table_Limit      
000016b5  __TI_auto_init_nobinit_nopinit
0000164d  __TI_decompress_lzss          
0000172d  __TI_decompress_none          
ffffffff  __TI_pprof_out_hndl           
ffffffff  __TI_prof_data_size           
ffffffff  __TI_prof_data_start          
00000000  __TI_static_base__            
00001467  __aeabi_idiv0                 
00001467  __aeabi_ldiv0                 
000015df  __aeabi_ldivmod               
00001565  __aeabi_memclr                
00001565  __aeabi_memclr4               
00001565  __aeabi_memclr8               
00001335  __aeabi_memcpy                
00001335  __aeabi_memcpy4               
00001335  __aeabi_memcpy8               
00001567  __aeabi_memset                
00001567  __aeabi_memset4               
00001567  __aeabi_memset8               
000013d1  __aeabi_uldivmod              
ffffffff  __binit__                     
ffffffff  __c_args__                    
UNDEFED   __mpu_init                    
20000000  __stack                       
20000000  __start___llvm_prf_cnts       
20000000  __stop___llvm_prf_cnts        
000016f9  _c_int00_noargs               
000014e9  _delay_ms                     
0000152b  _delay_us                     
UNDEFED   _system_post_cinit            
00001747  _system_pre_init              
0000174b  abort                         
ffffffff  binit                         
00000000  g_pfnVectors                  
00001193  hamada                        
0000125d  main                          
00001335  memcpy                        
0000156d  memset                        
20000200  sec                           
000014c3  stop_Systick_Timer            


GLOBAL SYMBOLS: SORTED BY Symbol Address 

address   name                          
-------   ----                          
00000000  __TI_static_base__            
00000000  g_pfnVectors                  
00000200  __STACK_SIZE                  
0000026d  DIO_Initpin                   
00000975  DIO_WritePin                  
00000ae5  DIO_WritePort                 
00000b9d  DIO_TogglePin                 
00000c75  LCD_WriteCommand              
00000d35  LCD_WriteData                 
00000df5  LCD_Init                      
00000e3b  LCD_WriteChar                 
00000e4b  LCD_WriteNumberInBinary       
00000e89  LCD_Clear                     
00000e93  LCD_GoTo                      
00000ee3  LCD_CreateCharacter           
00000f31  LCD_WriteString               
00000f61  LCD_WriteNumber               
0000102b  LCD_WriteNumber_4D            
00001099  LCD_WriteNumber_2D            
000010cd  Initpins_project              
0000110d  LCD_Display                   
0000115d  SysTick_Handler               
00001193  hamada                        
00001203  Interrupt_Init                
0000122b  PORTF_Init                    
0000125d  main                          
00001335  __aeabi_memcpy                
00001335  __aeabi_memcpy4               
00001335  __aeabi_memcpy8               
00001335  memcpy                        
000013d1  __aeabi_uldivmod              
00001467  __aeabi_idiv0                 
00001467  __aeabi_ldiv0                 
00001469  Systick_Init                  
0000148b  Systick_Init_intruppt         
000014b7  Systick_DisEN                 
000014c3  stop_Systick_Timer            
000014cb  SYstick_continue              
000014e9  _delay_ms                     
0000152b  _delay_us                     
00001565  __aeabi_memclr                
00001565  __aeabi_memclr4               
00001565  __aeabi_memclr8               
00001567  __aeabi_memset                
00001567  __aeabi_memset4               
00001567  __aeabi_memset8               
0000156d  memset                        
000015df  __aeabi_ldivmod               
0000164d  __TI_decompress_lzss          
000016b5  __TI_auto_init_nobinit_nopinit
000016f9  _c_int00_noargs               
0000172d  __TI_decompress_none          
0000173b  ResetISR                      
00001747  _system_pre_init              
0000174b  C$$EXIT                       
0000174b  abort                         
00001758  __TI_Handler_Table_Base       
00001760  __TI_CINIT_Base               
00001760  __TI_Handler_Table_Limit      
00001768  __TI_CINIT_Limit              
20000000  __stack                       
20000000  __start___llvm_prf_cnts       
20000000  __stop___llvm_prf_cnts        
20000200  __STACK_END                   
20000200  __STACK_TOP                   
20000200  sec                           
20000201  H                             
20000202  M                             
20000203  Running                       
ffffffff  __TI_pprof_out_hndl           
ffffffff  __TI_prof_data_size           
ffffffff  __TI_prof_data_start          
ffffffff  __binit__                     
ffffffff  __c_args__                    
ffffffff  binit                         
UNDEFED   __mpu_init                    
UNDEFED   _system_post_cinit            

[77 symbols]
