******************************************************************************
                  TI ARM Linker PC v20.2.7                     
******************************************************************************
>> Linked Thu Aug 24 10:44:01 2023

OUTPUT FILE NAME:   <Project 3.out>
ENTRY POINT SYMBOL: "_c_int00_noargs"  address: 00001ecd


MEMORY CONFIGURATION

         name            origin    length      used     unused   attr    fill
----------------------  --------  ---------  --------  --------  ----  --------
  FLASH                 00000000   00040000  0000206b  0003df95  R  X
  SRAM                  20000000   00008000  00000280  00007d80  RW X


SEGMENT ALLOCATION MAP

run origin  load origin   length   init length attrs members
----------  ----------- ---------- ----------- ----- -------
00000000    00000000    00002070   00002070    r-x
  00000000    00000000    0000026c   0000026c    r-- .intvecs
  0000026c    0000026c    00001cc6   00001cc6    r-x .text
  00001f32    00001f32    00000101   00000101    r-- .const
  00002038    00002038    00000038   00000038    r-- .cinit
20000000    20000000    00000280   00000000    rw-
  20000000    20000000    00000200   00000000    rw- .stack
  20000200    20000200    00000080   00000000    rw- .data


SECTION ALLOCATION MAP

 output                                  attributes/
section   page    origin      length       input sections
--------  ----  ----------  ----------   ----------------
.intvecs   0    00000000    0000026c     
                  00000000    0000026c     tm4c123gh6pm_startup_ccs.obj (.intvecs)

.text      0    0000026c    00001cc6     
                  0000026c    00000d94     Tiva_DIO.obj (.text)
                  00001000    000004f4     LCD_Driver.obj (.text)
                  000014f4    00000454     calculator.obj (.text)
                  00001948    000001d8     keyPad_Driver.obj (.text)
                  00001b20    000000e4     main.obj (.text)
                  00001c04    0000009c     rtsv7M4_T_le_v4SPD16_eabi.lib : memcpy_t2.asm.obj (.text)
                  00001ca0    00000096                                   : ull_div_t2.asm.obj (.text)
                  00001d36    0000007a                                   : memset_t2.asm.obj (.text)
                  00001db0    0000006e                                   : ll_div_t2.asm.obj (.text)
                  00001e1e    00000068                                   : copy_decompress_lzss.c.obj (.text:decompress:lzss:__TI_decompress_lzss)
                  00001e86    00000002                                   : div0.asm.obj (.text)
                  00001e88    00000044                                   : autoinit.c.obj (.text:__TI_auto_init_nobinit_nopinit:__TI_auto_init_nobinit_nopinit)
                  00001ecc    00000034                                   : boot_cortex_m.c.obj (.text:_c_int00_noargs:_c_int00_noargs)
                  00001f00    00000010                                   : isdigit.c.obj (.text:isdigit)
                  00001f10    0000000e                                   : copy_decompress_none.c.obj (.text:decompress:none:__TI_decompress_none)
                  00001f1e    0000000c     tm4c123gh6pm_startup_ccs.obj (.text)
                  00001f2a    00000004     rtsv7M4_T_le_v4SPD16_eabi.lib : pre_init.c.obj (.text:_system_pre_init)
                  00001f2e    00000004                                   : exit.c.obj (.text:abort:abort)

.const     0    00001f32    00000101     
                  00001f32    00000101     rtsv7M4_T_le_v4SPD16_eabi.lib : ctype.c.obj (.const:.string:_ctypes_)

.cinit     0    00002038    00000038     
                  00002038    00000026     (.cinit..data.load) [load image, compression = lzss]
                  0000205e    00000002     --HOLE-- [fill = 0]
                  00002060    00000008     (__TI_handler_table)
                  00002068    00000008     (__TI_cinit_table)

.init_array 
*          0    00000000    00000000     UNINITIALIZED

.data      0    20000200    00000080     UNINITIALIZED
                  20000200    00000040     calculator.obj (.data:num_stack)
                  20000240    00000011     calculator.obj (.data:str_arr)
                  20000251    00000010     calculator.obj (.data:op_arr)
                  20000261    00000010     keyPad_Driver.obj (.data:symbol)
                  20000271    00000003     --HOLE--
                  20000274    0000000c     calculator.obj (.data)

.stack     0    20000000    00000200     UNINITIALIZED
                  20000000    00000004     rtsv7M4_T_le_v4SPD16_eabi.lib : boot_cortex_m.c.obj (.stack)
                  20000004    000001fc     --HOLE--

__llvm_prf_cnts 
*          0    20000000    00000000     UNINITIALIZED

MODULE SUMMARY

       Module                         code   ro data   rw data
       ------                         ----   -------   -------
    .\
       Tiva_DIO.obj                   3476   0         0      
       LCD_Driver.obj                 1268   0         0      
       calculator.obj                 1108   0         109    
       tm4c123gh6pm_startup_ccs.obj   12     620       0      
       keyPad_Driver.obj              472    0         16     
       main.obj                       228    0         0      
    +--+------------------------------+------+---------+---------+
       Total:                         6564   620       125    
                                                              
    C:\ti\ccs1240\ccs\tools\compiler\ti-cgt-arm_20.2.7.LTS\lib\rtsv7M4_T_le_v4SPD16_eabi.lib
       ctype.c.obj                    0      257       0      
       memcpy_t2.asm.obj              156    0         0      
       ull_div_t2.asm.obj             150    0         0      
       memset_t2.asm.obj              122    0         0      
       ll_div_t2.asm.obj              110    0         0      
       copy_decompress_lzss.c.obj     104    0         0      
       autoinit.c.obj                 68     0         0      
       boot_cortex_m.c.obj            52     0         0      
       isdigit.c.obj                  16     0         0      
       copy_decompress_none.c.obj     14     0         0      
       exit.c.obj                     4      0         0      
       pre_init.c.obj                 4      0         0      
       div0.asm.obj                   2      0         0      
    +--+------------------------------+------+---------+---------+
       Total:                         802    257       0      
                                                              
       Stack:                         0      0         512    
       Linker Generated:              0      54        0      
    +--+------------------------------+------+---------+---------+
       Grand Total:                   7366   931       637    


LINKER GENERATED COPY TABLES

__TI_cinit_table @ 00002068 records: 1, size/record: 8, table size: 8
	.data: load addr=00002038, load size=00000026 bytes, run addr=20000200, run size=00000080 bytes, compression=lzss


LINKER GENERATED HANDLER TABLE

__TI_handler_table @ 00002060 records: 2, size/record: 4, table size: 8
	index: 0, handler: __TI_decompress_lzss
	index: 1, handler: __TI_decompress_none


GLOBAL SYMBOLS: SORTED ALPHABETICALLY BY Name 

address   name                          
-------   ----                          
00001f2f  C$$EXIT                       
000003c1  ClearDataBIT                  
00000649  DIO_InitPin                   
00000b01  DIO_ReadPin                   
00000bc9  DIO_TogglePin                 
000009c9  DIO_WritePin                  
00000c05  DIO_WritePort                 
00001831  GPIOC_Handler                 
20000276  Index_Position                
20000278  Index_Row                     
00000c8d  Inteupt_Edge_InitPin          
00001a45  KeyPad_Init_INT               
00001949  KeyPad_Init_NoINT             
00001ae9  KeyPad_Read_INT               
0000199d  KeyPad_Read_NoINT             
000013ef  LCD_Clear                     
000014a5  LCD_GoTo                      
00001251  LCD_Init                      
000013f9  LCD_SetCursor                 
00001291  LCD_WriteChar                 
0000107d  LCD_WriteCommand              
00001167  LCD_WriteData                 
000012d1  LCD_WriteNumber               
000013a3  LCD_WriteNumberInBinary       
0000142d  LCD_WriteNumber_4D            
000012a1  LCD_WriteString               
0000158b  OP_priority                   
00000511  PORT_Init                     
0000045f  ReadDataBIT                   
00001f1f  ResetISR                      
0000026d  WriteDataBIT                  
0000032b  WriteDataBITS                 
20000200  __STACK_END                   
00000200  __STACK_SIZE                  
20000200  __STACK_TOP                   
00002068  __TI_CINIT_Base               
00002070  __TI_CINIT_Limit              
00002060  __TI_Handler_Table_Base       
00002068  __TI_Handler_Table_Limit      
00001e89  __TI_auto_init_nobinit_nopinit
00001e1f  __TI_decompress_lzss          
00001f11  __TI_decompress_none          
ffffffff  __TI_pprof_out_hndl           
ffffffff  __TI_prof_data_size           
ffffffff  __TI_prof_data_start          
00000000  __TI_static_base__            
00001e87  __aeabi_idiv0                 
00001e87  __aeabi_ldiv0                 
00001db1  __aeabi_ldivmod               
00001d37  __aeabi_memclr                
00001d37  __aeabi_memclr4               
00001d37  __aeabi_memclr8               
00001c05  __aeabi_memcpy                
00001c05  __aeabi_memcpy4               
00001c05  __aeabi_memcpy8               
00001d39  __aeabi_memset                
00001d39  __aeabi_memset4               
00001d39  __aeabi_memset8               
00001ca1  __aeabi_uldivmod              
ffffffff  __binit__                     
ffffffff  __c_args__                    
UNDEFED   __mpu_init                    
20000000  __stack                       
20000000  __start___llvm_prf_cnts       
20000000  __stop___llvm_prf_cnts        
00001ecd  _c_int00_noargs               
00001f32  _ctypes_                      
00001001  _delay_ms                     
00001043  _delay_us                     
UNDEFED   _system_post_cinit            
00001f2b  _system_pre_init              
00001f2f  abort                         
ffffffff  binit                         
000014f5  calc_Initpins                 
00001667  calculateAndDisplayResult     
00000000  g_pfnVectors                  
0000155b  isOP                          
00001f01  isdigit                       
20000274  key                           
00001b21  main                          
00001c05  memcpy                        
00001d3f  memset                        
20000200  num_stack                     
2000027c  opStackTop                    
20000251  op_arr                        
00001641  popNumber                     
000015e9  popOperator                   
00001615  pushNumber                    
000015c1  pushOperator                  
20000240  str_arr                       
20000261  symbol                        


GLOBAL SYMBOLS: SORTED BY Symbol Address 

address   name                          
-------   ----                          
00000000  __TI_static_base__            
00000000  g_pfnVectors                  
00000200  __STACK_SIZE                  
0000026d  WriteDataBIT                  
0000032b  WriteDataBITS                 
000003c1  ClearDataBIT                  
0000045f  ReadDataBIT                   
00000511  PORT_Init                     
00000649  DIO_InitPin                   
000009c9  DIO_WritePin                  
00000b01  DIO_ReadPin                   
00000bc9  DIO_TogglePin                 
00000c05  DIO_WritePort                 
00000c8d  Inteupt_Edge_InitPin          
00001001  _delay_ms                     
00001043  _delay_us                     
0000107d  LCD_WriteCommand              
00001167  LCD_WriteData                 
00001251  LCD_Init                      
00001291  LCD_WriteChar                 
000012a1  LCD_WriteString               
000012d1  LCD_WriteNumber               
000013a3  LCD_WriteNumberInBinary       
000013ef  LCD_Clear                     
000013f9  LCD_SetCursor                 
0000142d  LCD_WriteNumber_4D            
000014a5  LCD_GoTo                      
000014f5  calc_Initpins                 
0000155b  isOP                          
0000158b  OP_priority                   
000015c1  pushOperator                  
000015e9  popOperator                   
00001615  pushNumber                    
00001641  popNumber                     
00001667  calculateAndDisplayResult     
00001831  GPIOC_Handler                 
00001949  KeyPad_Init_NoINT             
0000199d  KeyPad_Read_NoINT             
00001a45  KeyPad_Init_INT               
00001ae9  KeyPad_Read_INT               
00001b21  main                          
00001c05  __aeabi_memcpy                
00001c05  __aeabi_memcpy4               
00001c05  __aeabi_memcpy8               
00001c05  memcpy                        
00001ca1  __aeabi_uldivmod              
00001d37  __aeabi_memclr                
00001d37  __aeabi_memclr4               
00001d37  __aeabi_memclr8               
00001d39  __aeabi_memset                
00001d39  __aeabi_memset4               
00001d39  __aeabi_memset8               
00001d3f  memset                        
00001db1  __aeabi_ldivmod               
00001e1f  __TI_decompress_lzss          
00001e87  __aeabi_idiv0                 
00001e87  __aeabi_ldiv0                 
00001e89  __TI_auto_init_nobinit_nopinit
00001ecd  _c_int00_noargs               
00001f01  isdigit                       
00001f11  __TI_decompress_none          
00001f1f  ResetISR                      
00001f2b  _system_pre_init              
00001f2f  C$$EXIT                       
00001f2f  abort                         
00001f32  _ctypes_                      
00002060  __TI_Handler_Table_Base       
00002068  __TI_CINIT_Base               
00002068  __TI_Handler_Table_Limit      
00002070  __TI_CINIT_Limit              
20000000  __stack                       
20000000  __start___llvm_prf_cnts       
20000000  __stop___llvm_prf_cnts        
20000200  __STACK_END                   
20000200  __STACK_TOP                   
20000200  num_stack                     
20000240  str_arr                       
20000251  op_arr                        
20000261  symbol                        
20000274  key                           
20000276  Index_Position                
20000278  Index_Row                     
2000027c  opStackTop                    
ffffffff  __TI_pprof_out_hndl           
ffffffff  __TI_prof_data_size           
ffffffff  __TI_prof_data_start          
ffffffff  __binit__                     
ffffffff  __c_args__                    
ffffffff  binit                         
UNDEFED   __mpu_init                    
UNDEFED   _system_post_cinit            

[91 symbols]
